C:/Users/arunj/STM32CubeIDE/workspace_1.14.0/SMART_HOME/Core/Src/main.c:718:6:StartDefaultTask	8	static
C:/Users/arunj/STM32CubeIDE/workspace_1.14.0/SMART_HOME/Core/Src/main.c:198:6:SystemClock_Config	96	static
C:/Users/arunj/STM32CubeIDE/workspace_1.14.0/SMART_HOME/Core/Src/main.c:107:5:main	248	static
C:/Users/arunj/STM32CubeIDE/workspace_1.14.0/SMART_HOME/Core/Src/main.c:737:6:HAL_TIM_PeriodElapsedCallback	0	static
C:/Users/arunj/STM32CubeIDE/workspace_1.14.0/SMART_HOME/Core/Src/main.c:754:6:Error_Handler	0	static
