C:/Users/arunj/STM32CubeIDE/workspace_1.14.0/SMART_HOME/Core/Src/stm32f4xx_hal_msp.c:65:6:HAL_MspInit	8	static
C:/Users/arunj/STM32CubeIDE/workspace_1.14.0/SMART_HOME/Core/Src/stm32f4xx_hal_msp.c:89:6:HAL_CRC_MspInit	8	static
C:/Users/arunj/STM32CubeIDE/workspace_1.14.0/SMART_HOME/Core/Src/stm32f4xx_hal_msp.c:111:6:HAL_CRC_MspDeInit	0	static
C:/Users/arunj/STM32CubeIDE/workspace_1.14.0/SMART_HOME/Core/Src/stm32f4xx_hal_msp.c:133:6:HAL_DMA2D_MspInit	16	static
C:/Users/arunj/STM32CubeIDE/workspace_1.14.0/SMART_HOME/Core/Src/stm32f4xx_hal_msp.c:158:6:HAL_DMA2D_MspDeInit	0	static
C:/Users/arunj/STM32CubeIDE/workspace_1.14.0/SMART_HOME/Core/Src/stm32f4xx_hal_msp.c:183:6:HAL_DSI_MspInit	40	static
C:/Users/arunj/STM32CubeIDE/workspace_1.14.0/SMART_HOME/Core/Src/stm32f4xx_hal_msp.c:221:6:HAL_DSI_MspDeInit	8	static
C:/Users/arunj/STM32CubeIDE/workspace_1.14.0/SMART_HOME/Core/Src/stm32f4xx_hal_msp.c:251:6:HAL_I2C_MspInit	48	static
C:/Users/arunj/STM32CubeIDE/workspace_1.14.0/SMART_HOME/Core/Src/stm32f4xx_hal_msp.c:294:6:HAL_I2C_MspDeInit	8	static
C:/Users/arunj/STM32CubeIDE/workspace_1.14.0/SMART_HOME/Core/Src/stm32f4xx_hal_msp.c:325:6:HAL_LTDC_MspInit	72	static
C:/Users/arunj/STM32CubeIDE/workspace_1.14.0/SMART_HOME/Core/Src/stm32f4xx_hal_msp.c:363:6:HAL_LTDC_MspDeInit	0	static
C:/Users/arunj/STM32CubeIDE/workspace_1.14.0/SMART_HOME/Core/Src/stm32f4xx_hal_msp.c:388:6:HAL_QSPI_MspInit	56	static
C:/Users/arunj/STM32CubeIDE/workspace_1.14.0/SMART_HOME/Core/Src/stm32f4xx_hal_msp.c:443:6:HAL_QSPI_MspDeInit	8	static
C:/Users/arunj/STM32CubeIDE/workspace_1.14.0/SMART_HOME/Core/Src/stm32f4xx_hal_msp.c:609:6:HAL_SDRAM_MspInit	48	static
C:/Users/arunj/STM32CubeIDE/workspace_1.14.0/SMART_HOME/Core/Src/stm32f4xx_hal_msp.c:718:6:HAL_SDRAM_MspDeInit	8	static
