../../Middlewares/ST/touchgfx/framework/include/touchgfx/Screen.hpp:104:18:virtual void touchgfx::Screen::afterTransition()	0	static
../../Middlewares/ST/touchgfx/framework/include/touchgfx/Screen.hpp:144:18:virtual void touchgfx::Screen::handleTickEvent()	0	static
../../Middlewares/ST/touchgfx/framework/include/touchgfx/Screen.hpp:154:18:virtual void touchgfx::Screen::handleKeyEvent(uint8_t)	0	static
../../TouchGFX/generated/gui_generated/include/gui_generated/screen1_screen/Screen1ViewBase.hpp:25:18:virtual void Screen1ViewBase::Light1On()	0	static
C:/Users/arunj/STM32CubeIDE/workspace_1.14.0/SMART_HOME/TouchGFX/gui/src/screen1_screen/Screen1View.cpp:13:6:virtual void Screen1View::tearDownScreen()	0	static
../../TouchGFX/gui/include/gui/screen1_screen/Screen1View.hpp:11:13:Screen1View::~Screen1View()	8	static
../../TouchGFX/gui/include/gui/screen1_screen/Screen1View.hpp:11:13:virtual Screen1View::~Screen1View()	8	static
C:/Users/arunj/STM32CubeIDE/workspace_1.14.0/SMART_HOME/TouchGFX/gui/src/screen1_screen/Screen1View.cpp:3:1:Screen1View::Screen1View()	8	static
C:/Users/arunj/STM32CubeIDE/workspace_1.14.0/SMART_HOME/TouchGFX/gui/src/screen1_screen/Screen1View.cpp:8:6:virtual void Screen1View::setupScreen()	0	static
